// Jest Snapshot v1, https://goo.gl/fbAQLP

exports[`Test for Profile component renders Profile component without any error 1`] = `
Object {
  "asFragment": [Function],
  "baseElement": <body>
    <div>
      <section
        class="wrapper-profile"
      >
        <div
          class="Rocket-Wrapper"
        >
          <h2
            class="Title"
          >
            My Missions
          </h2>
          <div
            class="list-group"
          >
            <div
              class="list-group-item"
            >
              No reserved Mission
            </div>
          </div>
        </div>
        <div
          class="Rocket-Wrapper"
        >
          <h2
            class="Title"
          >
            My Rockets
          </h2>
          <div
            class="list-group"
          />
        </div>
      </section>
    </div>
  </body>,
  "container": <div>
    <section
      class="wrapper-profile"
    >
      <div
        class="Rocket-Wrapper"
      >
        <h2
          class="Title"
        >
          My Missions
        </h2>
        <div
          class="list-group"
        >
          <div
            class="list-group-item"
          >
            No reserved Mission
          </div>
        </div>
      </div>
      <div
        class="Rocket-Wrapper"
      >
        <h2
          class="Title"
        >
          My Rockets
        </h2>
        <div
          class="list-group"
        />
      </div>
    </section>
  </div>,
  "debug": [Function],
  "findAllByAltText": [Function],
  "findAllByDisplayValue": [Function],
  "findAllByLabelText": [Function],
  "findAllByPlaceholderText": [Function],
  "findAllByRole": [Function],
  "findAllByTestId": [Function],
  "findAllByText": [Function],
  "findAllByTitle": [Function],
  "findByAltText": [Function],
  "findByDisplayValue": [Function],
  "findByLabelText": [Function],
  "findByPlaceholderText": [Function],
  "findByRole": [Function],
  "findByTestId": [Function],
  "findByText": [Function],
  "findByTitle": [Function],
  "getAllByAltText": [Function],
  "getAllByDisplayValue": [Function],
  "getAllByLabelText": [Function],
  "getAllByPlaceholderText": [Function],
  "getAllByRole": [Function],
  "getAllByTestId": [Function],
  "getAllByText": [Function],
  "getAllByTitle": [Function],
  "getByAltText": [Function],
  "getByDisplayValue": [Function],
  "getByLabelText": [Function],
  "getByPlaceholderText": [Function],
  "getByRole": [Function],
  "getByTestId": [Function],
  "getByText": [Function],
  "getByTitle": [Function],
  "queryAllByAltText": [Function],
  "queryAllByDisplayValue": [Function],
  "queryAllByLabelText": [Function],
  "queryAllByPlaceholderText": [Function],
  "queryAllByRole": [Function],
  "queryAllByTestId": [Function],
  "queryAllByText": [Function],
  "queryAllByTitle": [Function],
  "queryByAltText": [Function],
  "queryByDisplayValue": [Function],
  "queryByLabelText": [Function],
  "queryByPlaceholderText": [Function],
  "queryByRole": [Function],
  "queryByTestId": [Function],
  "queryByText": [Function],
  "queryByTitle": [Function],
  "rerender": [Function],
  "unmount": [Function],
}
`;
